SpectralCIT signal-strength ablation: d=10 (raw d^2=100 df), d_z=3, N=1000, 30 reps/condition, alpha=0.05, raw chi2 crit=124.34, perc_dim_prune=0.9
[   17.8s] H0 rep 1/30: T_n=49.637 T_n_pruned=49.635 (k=9) E_val=1.000
[   36.2s] H0 rep 2/30: T_n=68.980 T_n_pruned=68.977 (k=9) E_val=1.000
[   54.9s] H0 rep 3/30: T_n=86.308 T_n_pruned=86.308 (k=9) E_val=1.000
[   75.5s] H0 rep 4/30: T_n=122.716 T_n_pruned=122.709 (k=9) E_val=1.000
[   96.8s] H0 rep 5/30: T_n=43.736 T_n_pruned=43.734 (k=9) E_val=1.000
[  122.4s] H0 rep 6/30: T_n=58.921 T_n_pruned=58.892 (k=9) E_val=1.000
[  159.8s] H0 rep 7/30: T_n=114.016 T_n_pruned=113.988 (k=9) E_val=1.000
[  195.8s] H0 rep 8/30: T_n=54.094 T_n_pruned=54.094 (k=9) E_val=1.000
[  230.6s] H0 rep 9/30: T_n=57.501 T_n_pruned=57.499 (k=9) E_val=1.000
[  252.9s] H0 rep 10/30: T_n=59.336 T_n_pruned=59.335 (k=9) E_val=1.000
[  273.2s] H0 rep 11/30: T_n=46.081 T_n_pruned=46.075 (k=9) E_val=1.000
[  293.2s] H0 rep 12/30: T_n=70.711 T_n_pruned=70.711 (k=9) E_val=1.000
[  312.4s] H0 rep 13/30: T_n=78.890 T_n_pruned=78.889 (k=9) E_val=1.000
[  333.5s] H0 rep 14/30: T_n=49.898 T_n_pruned=49.892 (k=9) E_val=1.000
[  355.2s] H0 rep 15/30: T_n=54.261 T_n_pruned=54.253 (k=9) E_val=1.000
[  374.1s] H0 rep 16/30: T_n=87.722 T_n_pruned=87.722 (k=9) E_val=1.000
[  394.8s] H0 rep 17/30: T_n=94.567 T_n_pruned=94.401 (k=9) E_val=1.000
[  416.2s] H0 rep 18/30: T_n=39.295 T_n_pruned=39.294 (k=9) E_val=1.000
[  434.0s] H0 rep 19/30: T_n=72.450 T_n_pruned=72.449 (k=9) E_val=1.000
[  455.7s] H0 rep 20/30: T_n=47.773 T_n_pruned=47.749 (k=9) E_val=1.000
[  476.8s] H0 rep 21/30: T_n=44.118 T_n_pruned=44.118 (k=9) E_val=1.000
[  498.7s] H0 rep 22/30: T_n=60.876 T_n_pruned=60.874 (k=9) E_val=1.000
[  519.8s] H0 rep 23/30: T_n=56.972 T_n_pruned=56.972 (k=9) E_val=1.000
[  538.3s] H0 rep 24/30: T_n=74.011 T_n_pruned=74.007 (k=9) E_val=1.000
[  559.6s] H0 rep 25/30: T_n=62.624 T_n_pruned=62.572 (k=9) E_val=1.000
[  586.3s] H0 rep 26/30: T_n=47.324 T_n_pruned=47.318 (k=9) E_val=1.000
[  609.8s] H0 rep 27/30: T_n=60.141 T_n_pruned=60.136 (k=9) E_val=1.000
[  634.6s] H0 rep 28/30: T_n=61.798 T_n_pruned=61.795 (k=9) E_val=1.000
[  657.2s] H0 rep 29/30: T_n=74.838 T_n_pruned=74.838 (k=9) E_val=1.000
[  680.1s] H0 rep 30/30: T_n=71.778 T_n_pruned=71.778 (k=9) E_val=1.000
  -> H0 RAW:    mean T_n=65.71 (chi2(100) mean=100), Type I error=0.000 (nominal 0.05), KS p=0.000
  -> H0 PRUNED: mean T_n=65.70 (chi2(81) mean=81), Type I error=0.067 (nominal 0.05), KS p=0.000
[  702.9s] H1_str0.05 rep 1/30: T_n=78.019 T_n_pruned=77.991 (k=9) E_val=1.000
[  726.0s] H1_str0.05 rep 2/30: T_n=72.428 T_n_pruned=72.428 (k=9) E_val=1.000
[  749.1s] H1_str0.05 rep 3/30: T_n=106.969 T_n_pruned=106.963 (k=9) E_val=1.000
[  774.1s] H1_str0.05 rep 4/30: T_n=70.494 T_n_pruned=70.494 (k=9) E_val=1.000
[  799.1s] H1_str0.05 rep 5/30: T_n=84.446 T_n_pruned=84.408 (k=9) E_val=1.000
[  821.6s] H1_str0.05 rep 6/30: T_n=99.922 T_n_pruned=99.922 (k=9) E_val=1.000
[  845.8s] H1_str0.05 rep 7/30: T_n=77.753 T_n_pruned=77.748 (k=9) E_val=1.000
[  868.0s] H1_str0.05 rep 8/30: T_n=48.914 T_n_pruned=48.893 (k=9) E_val=1.000
[  888.8s] H1_str0.05 rep 9/30: T_n=61.654 T_n_pruned=61.653 (k=9) E_val=1.000
[  911.3s] H1_str0.05 rep 10/30: T_n=65.610 T_n_pruned=65.610 (k=9) E_val=1.000
[  935.4s] H1_str0.05 rep 11/30: T_n=63.109 T_n_pruned=63.109 (k=9) E_val=1.000
[  960.1s] H1_str0.05 rep 12/30: T_n=50.197 T_n_pruned=50.161 (k=9) E_val=1.000
[  984.1s] H1_str0.05 rep 13/30: T_n=70.586 T_n_pruned=70.583 (k=9) E_val=1.000
[ 1006.8s] H1_str0.05 rep 14/30: T_n=87.943 T_n_pruned=87.943 (k=9) E_val=1.000
[ 1028.7s] H1_str0.05 rep 15/30: T_n=70.295 T_n_pruned=70.295 (k=9) E_val=1.000
[ 1052.2s] H1_str0.05 rep 16/30: T_n=92.790 T_n_pruned=92.790 (k=9) E_val=1.000
[ 1075.6s] H1_str0.05 rep 17/30: T_n=62.894 T_n_pruned=62.875 (k=9) E_val=1.000
[ 1100.3s] H1_str0.05 rep 18/30: T_n=57.049 T_n_pruned=57.047 (k=9) E_val=1.000
[ 1122.3s] H1_str0.05 rep 19/30: T_n=81.065 T_n_pruned=81.065 (k=9) E_val=1.000
[ 1142.6s] H1_str0.05 rep 20/30: T_n=60.471 T_n_pruned=60.471 (k=9) E_val=1.000
[ 1166.1s] H1_str0.05 rep 21/30: T_n=88.671 T_n_pruned=88.671 (k=9) E_val=1.000
[ 1190.5s] H1_str0.05 rep 22/30: T_n=69.392 T_n_pruned=69.390 (k=9) E_val=1.000
[ 1209.4s] H1_str0.05 rep 23/30: T_n=88.994 T_n_pruned=88.992 (k=9) E_val=1.000
[ 1229.8s] H1_str0.05 rep 24/30: T_n=65.833 T_n_pruned=65.832 (k=9) E_val=1.000
[ 1250.3s] H1_str0.05 rep 25/30: T_n=54.940 T_n_pruned=54.932 (k=9) E_val=1.000
[ 1270.6s] H1_str0.05 rep 26/30: T_n=46.987 T_n_pruned=46.986 (k=9) E_val=1.000
[ 1290.9s] H1_str0.05 rep 27/30: T_n=98.544 T_n_pruned=98.543 (k=9) E_val=1.000
[ 1311.0s] H1_str0.05 rep 28/30: T_n=108.904 T_n_pruned=108.900 (k=9) E_val=1.000
[ 1331.3s] H1_str0.05 rep 29/30: T_n=78.615 T_n_pruned=78.606 (k=9) E_val=1.000
[ 1351.5s] H1_str0.05 rep 30/30: T_n=78.103 T_n_pruned=78.097 (k=9) E_val=1.000
  -> H1_str0.05 RAW power=0.000  PRUNED power=0.067
[ 1371.7s] H1_str0.15 rep 1/30: T_n=245.167 T_n_pruned=245.167 (k=9) E_val=1.000
[ 1391.9s] H1_str0.15 rep 2/30: T_n=235.788 T_n_pruned=235.787 (k=9) E_val=1.000
[ 1412.2s] H1_str0.15 rep 3/30: T_n=197.257 T_n_pruned=197.247 (k=9) E_val=1.000
[ 1432.3s] H1_str0.15 rep 4/30: T_n=164.272 T_n_pruned=164.270 (k=9) E_val=1.000
[ 1452.6s] H1_str0.15 rep 5/30: T_n=241.888 T_n_pruned=241.883 (k=9) E_val=1.000
[ 1473.0s] H1_str0.15 rep 6/30: T_n=223.145 T_n_pruned=223.143 (k=9) E_val=1.000
[ 1493.3s] H1_str0.15 rep 7/30: T_n=233.412 T_n_pruned=233.392 (k=9) E_val=1.000
[ 1513.7s] H1_str0.15 rep 8/30: T_n=200.907 T_n_pruned=200.895 (k=9) E_val=1.000
[ 1533.8s] H1_str0.15 rep 9/30: T_n=279.572 T_n_pruned=279.565 (k=9) E_val=1.000
[ 1554.1s] H1_str0.15 rep 10/30: T_n=265.555 T_n_pruned=265.555 (k=9) E_val=1.000
[ 1574.4s] H1_str0.15 rep 11/30: T_n=213.367 T_n_pruned=213.361 (k=9) E_val=1.000
[ 1594.8s] H1_str0.15 rep 12/30: T_n=185.432 T_n_pruned=185.432 (k=9) E_val=1.000
[ 1615.1s] H1_str0.15 rep 13/30: T_n=181.396 T_n_pruned=181.389 (k=9) E_val=1.000
[ 1635.4s] H1_str0.15 rep 14/30: T_n=184.200 T_n_pruned=184.201 (k=9) E_val=1.000
[ 1655.7s] H1_str0.15 rep 15/30: T_n=220.961 T_n_pruned=220.960 (k=9) E_val=1.000
[ 1676.0s] H1_str0.15 rep 16/30: T_n=198.737 T_n_pruned=198.734 (k=9) E_val=1.000
[ 1696.3s] H1_str0.15 rep 17/30: T_n=208.773 T_n_pruned=208.736 (k=9) E_val=1.000
[ 1716.6s] H1_str0.15 rep 18/30: T_n=215.195 T_n_pruned=215.195 (k=9) E_val=1.000
[ 1737.0s] H1_str0.15 rep 19/30: T_n=210.628 T_n_pruned=210.624 (k=9) E_val=1.000
[ 1757.3s] H1_str0.15 rep 20/30: T_n=213.443 T_n_pruned=213.441 (k=9) E_val=1.000
[ 1777.6s] H1_str0.15 rep 21/30: T_n=269.160 T_n_pruned=269.160 (k=9) E_val=1.000
[ 1797.9s] H1_str0.15 rep 22/30: T_n=192.646 T_n_pruned=192.634 (k=9) E_val=1.000
[ 1818.2s] H1_str0.15 rep 23/30: T_n=234.920 T_n_pruned=234.919 (k=9) E_val=1.000
[ 1838.7s] H1_str0.15 rep 24/30: T_n=190.006 T_n_pruned=190.006 (k=9) E_val=1.000
[ 1859.3s] H1_str0.15 rep 25/30: T_n=192.292 T_n_pruned=192.263 (k=9) E_val=1.000
[ 1879.9s] H1_str0.15 rep 26/30: T_n=238.485 T_n_pruned=238.471 (k=9) E_val=1.000
[ 1903.7s] H1_str0.15 rep 27/30: T_n=222.950 T_n_pruned=222.945 (k=9) E_val=1.000
[ 1925.4s] H1_str0.15 rep 28/30: T_n=184.424 T_n_pruned=184.423 (k=9) E_val=1.000
[ 1947.3s] H1_str0.15 rep 29/30: T_n=216.405 T_n_pruned=216.404 (k=9) E_val=1.000
[ 1968.9s] H1_str0.15 rep 30/30: T_n=317.664 T_n_pruned=317.657 (k=9) E_val=1.000
  -> H1_str0.15 RAW power=1.000  PRUNED power=1.000
[ 1990.5s] H1_str0.5 rep 1/30: T_n=1137.887 T_n_pruned=1137.592 (k=9) E_val=1.000
[ 2012.3s] H1_str0.5 rep 2/30: T_n=1297.334 T_n_pruned=1260.070 (k=9) E_val=1.000
[ 2033.8s] H1_str0.5 rep 3/30: T_n=1077.290 T_n_pruned=1058.344 (k=9) E_val=1.000
[ 2055.6s] H1_str0.5 rep 4/30: T_n=1209.603 T_n_pruned=1197.059 (k=9) E_val=1.000
[ 2077.7s] H1_str0.5 rep 5/30: T_n=1092.700 T_n_pruned=1092.229 (k=9) E_val=1.000
[ 2099.9s] H1_str0.5 rep 6/30: T_n=1038.719 T_n_pruned=1023.432 (k=9) E_val=1.000
[ 2121.5s] H1_str0.5 rep 7/30: T_n=1356.033 T_n_pruned=1325.124 (k=9) E_val=1.000
[ 2143.6s] H1_str0.5 rep 8/30: T_n=1228.176 T_n_pruned=1220.172 (k=9) E_val=1.000
[ 2165.3s] H1_str0.5 rep 9/30: T_n=986.468 T_n_pruned=985.650 (k=9) E_val=1.000
[ 2187.0s] H1_str0.5 rep 10/30: T_n=1228.964 T_n_pruned=1210.311 (k=9) E_val=1.000
[ 2208.8s] H1_str0.5 rep 11/30: T_n=1346.906 T_n_pruned=1319.176 (k=9) E_val=1.000
[ 2230.6s] H1_str0.5 rep 12/30: T_n=1199.831 T_n_pruned=1161.379 (k=9) E_val=1.000
[ 2252.6s] H1_str0.5 rep 13/30: T_n=1228.357 T_n_pruned=1218.724 (k=9) E_val=1.000
[ 2274.6s] H1_str0.5 rep 14/30: T_n=1073.829 T_n_pruned=1035.450 (k=9) E_val=1.000
[ 2296.7s] H1_str0.5 rep 15/30: T_n=1316.615 T_n_pruned=1276.942 (k=9) E_val=1.000
[ 2318.9s] H1_str0.5 rep 16/30: T_n=1118.222 T_n_pruned=1112.035 (k=9) E_val=1.000
[ 2340.9s] H1_str0.5 rep 17/30: T_n=1217.244 T_n_pruned=1213.051 (k=9) E_val=1.000
[ 2362.8s] H1_str0.5 rep 18/30: T_n=1275.617 T_n_pruned=1247.707 (k=9) E_val=1.000
[ 2384.7s] H1_str0.5 rep 19/30: T_n=1235.669 T_n_pruned=1194.068 (k=9) E_val=1.000
[ 2406.5s] H1_str0.5 rep 20/30: T_n=998.772 T_n_pruned=983.961 (k=9) E_val=1.000
[ 2428.4s] H1_str0.5 rep 21/30: T_n=1185.166 T_n_pruned=1182.025 (k=9) E_val=1.000
[ 2450.5s] H1_str0.5 rep 22/30: T_n=1160.211 T_n_pruned=1159.951 (k=9) E_val=1.000
[ 2472.5s] H1_str0.5 rep 23/30: T_n=1225.115 T_n_pruned=1199.718 (k=9) E_val=1.000
[ 2494.7s] H1_str0.5 rep 24/30: T_n=1207.702 T_n_pruned=1173.249 (k=9) E_val=1.000
[ 2516.6s] H1_str0.5 rep 25/30: T_n=1236.203 T_n_pruned=1235.611 (k=9) E_val=1.000
[ 2538.7s] H1_str0.5 rep 26/30: T_n=1143.491 T_n_pruned=1143.091 (k=9) E_val=1.000
[ 2560.8s] H1_str0.5 rep 27/30: T_n=1205.123 T_n_pruned=1176.809 (k=9) E_val=1.000
[ 2582.5s] H1_str0.5 rep 28/30: T_n=1085.946 T_n_pruned=1080.537 (k=9) E_val=1.000
[ 2604.3s] H1_str0.5 rep 29/30: T_n=1070.192 T_n_pruned=1059.964 (k=9) E_val=1.000
[ 2626.2s] H1_str0.5 rep 30/30: T_n=1276.018 T_n_pruned=1276.015 (k=9) E_val=1.000
  -> H1_str0.5 RAW power=1.000  PRUNED power=1.000

Total elapsed: 2626.2s. Wrote claim1_2_raw.csv, claim1_2_summary.csv
