setup random seed = 10
/home/rec1/Desktop/AI_Safety/ICML_reproduce/.venv/lib/python3.11/site-packages/torchvision/datasets/cifar.py:83: VisibleDeprecationWarning: dtype(): align should be passed as Python or NumPy boolean but got `align=0`. Did you mean to pass a tuple to create a subarray type? (Deprecated NumPy 2.4)
  entry = pickle.load(f, encoding="latin1")
META: {'n_train': 2000, 'n_forget': 200, 'n_retain': 1800, 'n_test': 8000, 'n_cal': 2000}
[original] loaded existing checkpoint ./outputs/ckpt/original.pth
setup random seed = 10
[GA] done in 163s
setup random seed = 10
/home/rec1/Desktop/AI_Safety/ICML_reproduce/.venv/lib/python3.11/site-packages/sklearn/svm/_base.py:239: FutureWarning: The `probability` parameter was deprecated in 1.9 and will be removed in version 1.11. Use `CalibratedClassifierCV(SVC(), ensemble=False)` instead of `SVC(probability=True)`
  warnings.warn(
/home/rec1/Desktop/AI_Safety/ICML_reproduce/.venv/lib/python3.11/site-packages/sklearn/svm/_base.py:239: FutureWarning: The `probability` parameter was deprecated in 1.9 and will be removed in version 1.11. Use `CalibratedClassifierCV(SVC(), ensemble=False)` instead of `SVC(probability=True)`
  warnings.warn(
GA: {
  "UA": 0.0050000000000000044,
  "forget_acc": 0.995,
  "RA": 0.9961111111111111,
  "TA": 0.476125,
  "per_alpha": {
    "0.05": {
      "q_hat": 0.9999517798423767,
      "forget": {
        "coverage": 1.0,
        "set_size": 3.29,
        "cr": 0.303951367781155,
        "n_mislabel": 1,
        "n_in_set": 1,
        "recover_ratio": 1.0
      },
      "test": {
        "coverage": 0.945875,
        "set_size": 5.465,
        "cr": 0.17307868252516012,
        "n_mislabel": 4191,
        "n_in_set": 3758,
        "recover_ratio": 0.896683369124314
      }
    },
    "0.1": {
      "q_hat": 0.9995770454406738,
      "forget": {
        "coverage": 1.0,
        "set_size": 2.19,
        "cr": 0.4566210045662101,
        "n_mislabel": 1,
        "n_in_set": 1,
        "recover_ratio": 1.0
      },
      "test": {
        "coverage": 0.888375,
        "set_size": 4.149,
        "cr": 0.214117859725235,
        "n_mislabel": 4191,
        "n_in_set": 3298,
        "recover_ratio": 0.7869243617275113
      }
    }
  },
  "MIA_traditional": 0.945,
  "MIACR": {
    "mia_acc": 0.945,
    "mia_coverage": 0.0050000000000000044,
    "mia_set_size": 1.995,
    "miacr": 0.002506265664160403
  }
}
ALL DONE. results -> ./outputs/results.json
