[final1] 30000/300000 CRN inits  (485.9s elapsed)
[final1] 60000/300000 CRN inits  (894.0s elapsed)
[final1] 90000/300000 CRN inits  (1337.0s elapsed)
[final1] 120000/300000 CRN inits  (1794.3s elapsed)
[final1] 150000/300000 CRN inits  (2269.1s elapsed)
[final1] 180000/300000 CRN inits  (2655.4s elapsed)
[final1] 210000/300000 CRN inits  (3025.7s elapsed)
[final1] 240000/300000 CRN inits  (3385.5s elapsed)
[final1] 270000/300000 CRN inits  (3746.8s elapsed)
[final1] 300000/300000 CRN inits  (4080.0s elapsed)
[final1] n=   20  E[Th00_2]=0.444649  E[Th00_3]=0.482898
[final1] n=   30  E[Th00_2]=0.444754  E[Th00_3]=0.484096
[final1] n=   50  E[Th00_2]=0.444806  E[Th00_3]=0.484821
[final1] n=   80  E[Th00_2]=0.444733  E[Th00_3]=0.485195
[final1] n=  120  E[Th00_2]=0.444749  E[Th00_3]=0.485481
[final1] n=  160  E[Th00_2]=0.444773  E[Th00_3]=0.485500
[final1] n=  200  E[Th00_2]=0.444770  E[Th00_3]=0.485608
[final1] total wall time 4080.5s for 300000 CRN inits x 7 widths

=== Eq. 78, ANALYTIC ingredients (zero MC noise) vs MC-measured Theta^{1}(3) ===
K^(2)=0.216783  Theta^(2)=0.444796  K^(3)=0.156342  Theta^(3)=0.485938
Theta^{1}(2) = 0.000000  (exact)
K^{1}(2)     = 0.000000  (exact)
V_aaaa        = 0.047478  (exact, quadrature)
D_aaaa        = 0.025578  (exact, quadrature)
F_aaaa        = 0.027529  (exact, quadrature)

MC sanity check -- fitted Theta1_2 from the width sweep (should be ~0): -0.004564  (R^2=0.2341)

Gaussian brackets at K^(2): <sp^2>=0.741006  <d2Omega>=0.405548  <d4Omega>=-0.464812  <d2(sp^2)>=-1.496985

Eq.78 terms: 1=0.000000 2=0.000000 3=-0.002759 4=-0.019145 5=-0.041210

ANALYTIC PREDICTED Theta^{1}(3) = -0.063113  (zero MC noise)
MC MEASURED       Theta^{1}(3) = -0.062614  (R^2=0.1176, fit slope+intercept from 7 widths x 300000 CRN inits)
relative error = 0.0080

wrote /home/rec1/Desktop/AI_Safety/ICML_reproduce/ntk-feynman-diagrams-SOlPHMdSY3/results/eq78_final1.json
